2026-09-07T16:54:20.329Z	https://careers.airbnb.com/positions/8138002?gh_jid=8138002	pre-screen mismatch: location restricts hiring outside India (Remote, USA)
2026-09-07T16:54:20.330Z	https://careers.airbnb.com/positions/8130787?gh_jid=8130787	pre-screen mismatch: location restricts hiring outside India (Remote - US)
2026-09-07T16:54:20.330Z	https://job-boards.greenhouse.io/gitlab/jobs/8698314002	pre-screen mismatch: location restricts hiring outside India (Remote, Canada; Remote, United States)
2026-09-07T16:54:20.330Z	https://job-boards.greenhouse.io/gitlab/jobs/8698330002	pre-screen mismatch: location restricts hiring outside India (Remote, Canada; Remote, United States)
2026-09-07T16:54:20.330Z	https://job-boards.greenhouse.io/gitlab/jobs/8773006002	pre-screen mismatch: location restricts hiring outside India (Remote, Canada; Remote, United States)
2026-09-07T16:54:20.330Z	https://job-boards.greenhouse.io/gitlab/jobs/8778279002	pre-screen mismatch: location restricts hiring outside India (Remote, United Kingdom)
2026-09-07T16:54:20.330Z	https://job-boards.greenhouse.io/gitlab/jobs/8775415002	pre-screen mismatch: location restricts hiring outside India (Remote, Poland)
2026-09-07T16:54:20.330Z	https://job-boards.greenhouse.io/gitlab/jobs/8729451002	pre-screen mismatch: location restricts hiring outside India (Remote, Canada; Remote, United Kingdom)
2026-09-07T16:54:20.330Z	https://job-boards.greenhouse.io/gitlab/jobs/8749951002	pre-screen mismatch: location restricts hiring outside India (Remote, Poland)
2026-09-07T16:54:20.330Z	https://job-boards.greenhouse.io/gitlab/jobs/8749946002	pre-screen mismatch: location restricts hiring outside India (Remote, Poland)
2026-09-07T16:54:20.331Z	https://job-boards.greenhouse.io/gitlab/jobs/8704363002	pre-screen mismatch: location restricts hiring outside India (Remote, Canada)
2026-09-07T16:54:20.331Z	https://job-boards.greenhouse.io/gitlab/jobs/8759577002	pre-screen mismatch: location restricts hiring outside India (Remote, United Kingdom)
2026-09-07T16:54:20.331Z	https://job-boards.greenhouse.io/gitlab/jobs/8749950002	pre-screen mismatch: location restricts hiring outside India (Remote, Poland)
2026-09-07T16:54:20.331Z	https://job-boards.greenhouse.io/gitlab/jobs/8738225002	pre-screen mismatch: location restricts hiring outside India (Remote, Canada; Remote, Israel; Remote, United Kingdom; Remote, United States)
2026-09-07T16:54:20.331Z	https://job-boards.greenhouse.io/gitlab/jobs/8749952002	pre-screen mismatch: location restricts hiring outside India (Remote, Poland)
2026-09-07T16:54:20.331Z	https://job-boards.greenhouse.io/gitlab/jobs/8773381002	pre-screen mismatch: location restricts hiring outside India (Remote, Canada; Remote, United States)
2026-09-07T16:54:20.331Z	https://job-boards.greenhouse.io/gitlab/jobs/8775039002	pre-screen mismatch: location restricts hiring outside India (Remote, United Kingdom)
2026-09-07T16:54:20.331Z	https://job-boards.greenhouse.io/gitlab/jobs/8777342002	pre-screen mismatch: location restricts hiring outside India (Remote, Poland)
2026-09-07T16:54:20.331Z	https://job-boards.greenhouse.io/gitlab/jobs/8739391002	pre-screen mismatch: location restricts hiring outside India (Remote, Canada; Remote, United States)
2026-09-07T16:54:20.331Z	https://www.coinbase.com/careers/positions/8174949?gh_jid=8174949	pre-screen mismatch: location restricts hiring outside India (Remote - USA)
2026-09-07T16:54:20.331Z	https://www.coinbase.com/careers/positions/8146039?gh_jid=8146039	pre-screen mismatch: location restricts hiring outside India (Remote - USA)
2026-09-07T16:54:20.331Z	https://www.coinbase.com/careers/positions/8103569?gh_jid=8103569	pre-screen mismatch: location restricts hiring outside India (Remote - USA)
2026-09-07T16:54:20.331Z	https://www.coinbase.com/careers/positions/8162237?gh_jid=8162237	pre-screen mismatch: location restricts hiring outside India (Remote - USA)
2026-09-07T16:54:20.331Z	https://www.coinbase.com/careers/positions/8179210?gh_jid=8179210	pre-screen mismatch: location restricts hiring outside India (Remote - USA)
2026-09-07T16:54:20.331Z	https://www.coinbase.com/careers/positions/8154983?gh_jid=8154983	pre-screen mismatch: location restricts hiring outside India (Remote - USA)
2026-09-07T16:54:20.331Z	https://www.coinbase.com/careers/positions/8160557?gh_jid=8160557	pre-screen mismatch: location restricts hiring outside India (Remote - USA)
2026-09-07T16:54:20.331Z	https://www.coinbase.com/careers/positions/8170956?gh_jid=8170956	pre-screen mismatch: location restricts hiring outside India (Remote - USA)
2026-09-07T16:54:20.331Z	https://www.coinbase.com/careers/positions/8166218?gh_jid=8166218	pre-screen mismatch: location restricts hiring outside India (Remote - USA)
2026-09-07T16:54:20.331Z	https://www.coinbase.com/careers/positions/8177619?gh_jid=8177619	pre-screen mismatch: location restricts hiring outside India (Remote - USA)
2026-09-07T16:54:20.331Z	https://jobs.smartrecruiters.com/sandisk/744000137948229-staff-software-engineer-development-firmware-ufs-validation-with-c-and-c-experience-9-to-14-years-only	pre-screen mismatch: firmware/embedded C++ role outside backend/full-stack target
2026-09-07T16:54:20.331Z	https://jobs.smartrecruiters.com/servicenow/744000147592179-senior-manager-data-platform-engineering-kubernetes-distributed-systems	pre-screen mismatch: location restricts hiring outside India (San Diego, CALIFORNIA, United States, Remote)
2026-09-07T16:54:20.331Z	https://jobs.smartrecruiters.com/servicenow/744000142983469-senior-staff-software-engineer	pre-screen mismatch: location restricts hiring outside India (San Diego, California, United States, Remote)
